// Jest Snapshot v1, https://goo.gl/fbAQLP

exports[`ComicsList should render correctly in "debug" mode 1`] = `
<aside
  className="four columns"
>
  <h4>
    Comics List
  </h4>
  <hr />
  <ComicsListItem
    comic={
      Object {
        "creators": Array [
          Object {
            "name": "writer name",
          },
        ],
        "id": 1,
        "pageCount": 32,
        "prices": Array [
          Object {
            "price": 3.99,
          },
        ],
        "thumbnail": Object {
          "extension": "jpg",
          "path": "test",
        },
        "title": "title",
      }
    }
    key="1"
  />
</aside>
`;
