// Jest Snapshot v1, https://goo.gl/fbAQLP

exports[`ComicsListItem should render correctly in "debug" mode 1`] = `
<Row
  onClick={[Function]}
>
  <div
    className="fixed four columns "
  >
    <img
      alt="title"
      className="thumb"
    />
  </div>
  <div
    className="fixed eight columns "
  >
    <Row>
      <div
        className="twelve columns list-item-title"
      >
        title
      </div>
    </Row>
    <Row>
      <div
        className="twelve columns"
      />
    </Row>
    <Row>
      <div
        className="twelve columns"
      >
        Issue 
         - 
      </div>
    </Row>
  </div>
</Row>
`;
