// Jest Snapshot v1, https://goo.gl/fbAQLP

exports[`ComicsListItem should render correctly in "debug" mode 1`] = `
<section
  className="list-item"
  onClick={[Function]}
>
  <div
    className="list-item-cover"
  >
    <img
      alt="title"
    />
  </div>
  <div
    className="list-item-description"
  >
    <div>
      <b>
        title
      </b>
    </div>
    <div
      className=""
    >
      Price: 
    </div>
  </div>
</section>
`;
