// Jest Snapshot v1, https://goo.gl/fbAQLP

exports[`ComicsDetails should render correctly in "debug" mode 1`] = `
<article
  className="details"
>
  <div
    className="close-details hidden-on-gt-mobile"
  >
    close
  </div>
  <p
    className="detail-title"
  >
    title
  </p>
  <div
    className="detail-cover-text-container"
  >
    <div
      className="detail-cover"
    >
      <img
        alt="title"
        className=""
      />
    </div>
    <div
      className="detail-text"
    >
      <ComicDetailsCharacters />
      <ComicDetailsCreators
        creators={
          Array [
            Object {
              "name": "writer name",
            },
          ]
        }
      />
      <b>
        Release:
      </b>
       
    </div>
  </div>
  <a
    className=" primary-button"
    rel="noopener noreferrer"
    target="_blank"
  >
    Buy this issue for 
  </a>
</article>
`;
