// Jest Snapshot v1, https://goo.gl/fbAQLP

exports[`ComicsList should render active item first 1`] = `
<div
  className="comics-list"
>
  <RedButton
    classes={
      Array [
        "random-button",
      ]
    }
    link="/"
    text="Give me more!"
  />
  <div
    className="filterWrapper"
  />
  <aside>
    <ComicsListItem
      active={true}
      comic={
        Object {
          "coverPath": "cover.png",
          "id": 1,
          "pageCount": 32,
          "prices": 3.99,
          "title": "Superman",
          "writer": Object {
            "name": "Bernd",
            "role": "writer",
          },
        }
      }
      key="1"
      selectComic={[MockFunction]}
    />
    <ComicsListItem
      active={false}
      comic={
        Object {
          "coverPath": "cover.png",
          "id": 2,
          "pageCount": 32,
          "prices": 3.99,
          "title": "Superman",
          "writer": Object {
            "name": "Bernd",
            "role": "writer",
          },
        }
      }
      key="2"
      selectComic={[MockFunction]}
    />
  </aside>
</div>
`;

exports[`ComicsList should render active item second 1`] = `
<div
  className="comics-list"
>
  <RedButton
    classes={
      Array [
        "random-button",
      ]
    }
    link="/"
    text="Give me more!"
  />
  <div
    className="filterWrapper"
  />
  <aside>
    <ComicsListItem
      active={false}
      comic={
        Object {
          "coverPath": "cover.png",
          "id": 1,
          "pageCount": 32,
          "prices": 3.99,
          "title": "Superman",
          "writer": Object {
            "name": "Bernd",
            "role": "writer",
          },
        }
      }
      key="1"
      selectComic={[MockFunction]}
    />
    <ComicsListItem
      active={true}
      comic={
        Object {
          "coverPath": "cover.png",
          "id": 2,
          "pageCount": 32,
          "prices": 3.99,
          "title": "Superman",
          "writer": Object {
            "name": "Bernd",
            "role": "writer",
          },
        }
      }
      key="2"
      selectComic={[MockFunction]}
    />
  </aside>
</div>
`;
