// Jest Snapshot v1, https://goo.gl/fbAQLP

exports[`ComicsListItem should render correctly in "debug" mode 1`] = `
<Row>
  <section
    className="list-item"
    onClick={[Function]}
  >
    <div
      className="four columns"
    >
      <img
        alt="title"
        className="list-item-cover"
      />
    </div>
    <div
      className="eight columns "
    >
      <Row>
        <div
          className="twelve columns list-item-title"
        >
          title
        </div>
      </Row>
      <Row>
        <div
          className="twelve columns"
        >
          Price: 
        </div>
      </Row>
      <Row>
        <div
          className="twelve columns"
        >
          Issue: 
        </div>
      </Row>
    </div>
  </section>
</Row>
`;
