// Jest Snapshot v1, https://goo.gl/fbAQLP

exports[`ComicDetailsCharacters should render correctly in "debug" mode 1`] = `
<section>
  <b>
    Characters in this issue:
  </b>
  <ul>
    <li
      key="0"
    >
      IronMan
    </li>
    <li
      key="1"
    >
      Hulk
    </li>
  </ul>
</section>
`;
